
> paksoc-events@0.0.0 build
> tsc -b && vite build

src/features/tasks/components/DashboardTaskList.tsx(5,26): error TS2307: Cannot find module '@/components/ui/checkbox' or its corresponding type declarations.
